2022/11/03 07:52:48 Hello
